Tomou -170 de dano! (quanto mais negativo melhor)
