Tomou -120 de dano! (quanto mais negativo melhor)
